Server listening on port 4000
[0mGET /api/inventory?inStock=true [32m200[0m 466.179 ms - 2[0m
[0mGET /api/inventory?inStock=true [36m304[0m 3.871 ms - -[0m
[0mGET / [32m200[0m 6.212 ms - 48[0m
[0mGET / [32m200[0m 0.798 ms - 48[0m
[0mGET /favicon.ico [33m404[0m 2.775 ms - 150[0m
[0mGET /api/inventory [32m200[0m 61.847 ms - 2[0m
[0mPOST /api/auth/login [33m401[0m 115.534 ms - 31[0m
[0mPOST /api/auth/login [32m200[0m 900.219 ms - 245[0m
[0mGET /api/inventory?inStock=true [36m304[0m 4.527 ms - -[0m
[0mPOST /api/inventory [32m201[0m 746.066 ms - 277[0m
[0mGET /api/inventory [32m200[0m 113.395 ms - 279[0m
[0mGET /api/inventory?inStock=true [32m200[0m 52.240 ms - 279[0m
[0mGET /api/inventory?inStock=true [36m304[0m 31.336 ms - -[0m
[0mPUT /api/inventory/69c23f73aa313ed30aeef035 [32m200[0m 330.874 ms - 277[0m
[0mGET /api/inventory [32m200[0m 5.972 ms - 279[0m
[0mGET /api/inventory?inStock=true [32m200[0m 5.354 ms - 279[0m
[0mGET /api/inventory [36m304[0m 6.304 ms - -[0m
[0mPOST /api/auth/login [32m200[0m 170.208 ms - 245[0m
[0mGET /api/inventory [36m304[0m 4.255 ms - -[0m
[0mGET /api/inventory [36m304[0m 5.627 ms - -[0m
[0mPOST /api/inventory [32m201[0m 5.709 ms - 280[0m
[0mGET /api/inventory [32m200[0m 111.632 ms - 560[0m
[0mGET /api/inventory?inStock=true [32m200[0m 3.678 ms - 560[0m
[0mGET /api/inventory?inStock=true [36m304[0m 3.607 ms - -[0m
[0mGET /api/inventory?inStock=true [36m304[0m 3.694 ms - -[0m
[0mDELETE /api/inventory/69c23f73aa313ed30aeef035 [32m200[0m 89.728 ms - 20[0m
[0mGET /api/inventory [32m200[0m 3.060 ms - 282[0m
[0mPOST /api/inventory/checkout [32m200[0m 387.011 ms - 337[0m
[0mPOST /api/inventory/checkout [32m200[0m 7.775 ms - 337[0m
[0mPOST /api/inventory/checkout [32m200[0m 6.600 ms - 337[0m
[0mPOST /api/inventory [32m201[0m 5.708 ms - 271[0m
[0mGET /api/inventory [32m200[0m 3.198 ms - 554[0m
[0mGET /api/inventory?inStock=true [32m200[0m 3.014 ms - 554[0m
[0mPOST /api/inventory/checkout [32m200[0m 106.736 ms - 609[0m
[0mGET /api/inventory?inStock=true [32m200[0m 3.942 ms - 554[0m
[0mPOST /api/inventory [32m201[0m 55.689 ms - 256[0m
[0mGET /api/inventory [32m200[0m 4.096 ms - 811[0m
[0mGET /api/inventory?inStock=true [32m200[0m 4.112 ms - 811[0m
[0mGET /api/inventory [36m304[0m 4.372 ms - -[0m
[0mGET /api/inventory [36m304[0m 3.847 ms - -[0m
[0mGET /api/inventory?inStock=true [36m304[0m 4.119 ms - -[0m
[0mGET /api/inventory?inStock=true [36m304[0m 3.225 ms - -[0m
[0mPOST /api/inventory [32m201[0m 6.193 ms - 287[0m
[0mGET /api/inventory [32m200[0m 3.464 ms - 1099[0m
[0mGET /api/inventory?inStock=true [32m200[0m 4.646 ms - 1099[0m
[0mPOST /api/inventory/checkout [32m200[0m 191.117 ms - 339[0m
[0mPOST /api/auth/login [32m200[0m 152.330 ms - 245[0m
[0mGET /api/inventory/analytics/monthly [33m404[0m 1.107 ms - 170[0m
[0mGET /api/inventory/analytics/monthly [33m404[0m 0.774 ms - 170[0m
[0mGET /api/inventory/analytics/monthly [33m404[0m 0.519 ms - 170[0m
